<?php return array (
  0 => 'Symfony\\Bundle\\FrameworkBundle\\Controller\\AbstractController',
  1 => 'App\\Controller\\AccessoireController',
  2 => 'App\\Controller\\CoursController',
  3 => 'App\\Controller\\EleveController',
  4 => 'App\\Controller\\IndexController',
  5 => 'App\\Controller\\InscriptionController',
  6 => 'App\\Controller\\InstrumentController',
  7 => 'App\\Controller\\InterventionController',
  8 => 'App\\Controller\\PretController',
  9 => 'App\\Controller\\ProfesseurController',
  10 => 'App\\Controller\\ProfilController',
  11 => 'App\\Controller\\SecurityController',
  12 => 'App\\Entity\\Accessoire',
  13 => 'App\\Entity\\ClasseInstrument',
  14 => 'App\\Entity\\Compte',
  15 => 'App\\Entity\\Cours',
  16 => 'App\\Entity\\Couter',
  17 => 'App\\Entity\\Eleve',
  18 => 'App\\Entity\\Inscription',
  19 => 'App\\Entity\\Instrument',
  20 => 'App\\Entity\\InterPret',
  21 => 'App\\Entity\\Intervention',
  22 => 'App\\Entity\\Jour',
  23 => 'App\\Entity\\Pret',
  24 => 'App\\Entity\\Professeur',
  25 => 'App\\Entity\\Professionnel',
  26 => 'App\\Entity\\Responsable',
  27 => 'App\\Entity\\Tranche',
  28 => 'App\\Entity\\TypeInstrument',
  29 => 'App\\Entity\\User',
  30 => 'Doctrine\\Bundle\\DoctrineBundle\\Controller\\ProfilerController',
  31 => 'Doctrine\\ORM\\Cache\\Persister\\Entity\\AbstractEntityPersister',
  32 => 'Doctrine\\ORM\\Cache\\Persister\\Entity\\CachedEntityPersister',
  33 => 'Doctrine\\ORM\\Cache\\Persister\\Entity\\NonStrictReadWriteCachedEntityPersister',
  34 => 'Doctrine\\ORM\\Cache\\Persister\\Entity\\ReadOnlyCachedEntityPersister',
  35 => 'Doctrine\\ORM\\Cache\\Persister\\Entity\\ReadWriteCachedEntityPersister',
  36 => 'Doctrine\\ORM\\Persisters\\Entity\\AbstractEntityInheritancePersister',
  37 => 'Doctrine\\ORM\\Persisters\\Entity\\BasicEntityPersister',
  38 => 'Doctrine\\ORM\\Persisters\\Entity\\CachedPersisterContext',
  39 => 'Doctrine\\ORM\\Persisters\\Entity\\EntityPersister',
  40 => 'Doctrine\\ORM\\Persisters\\Entity\\JoinedSubclassPersister',
  41 => 'Doctrine\\ORM\\Persisters\\Entity\\SingleTablePersister',
  43 => 'Symfony\\Bundle\\FrameworkBundle\\Controller\\ControllerResolver',
  44 => 'Symfony\\Bundle\\FrameworkBundle\\Controller\\RedirectController',
  45 => 'Symfony\\Bundle\\FrameworkBundle\\Controller\\TemplateController',
  46 => 'Symfony\\Component\\HttpKernel\\Controller\\ArgumentResolver',
  47 => 'Symfony\\Component\\HttpKernel\\Controller\\ArgumentResolverInterface',
  48 => 'Symfony\\Component\\HttpKernel\\Controller\\ArgumentResolver\\DefaultValueResolver',
  49 => 'Symfony\\Component\\HttpKernel\\Controller\\ArgumentResolver\\NotTaggedControllerValueResolver',
  50 => 'Symfony\\Component\\HttpKernel\\Controller\\ArgumentResolver\\RequestAttributeValueResolver',
  51 => 'Symfony\\Component\\HttpKernel\\Controller\\ArgumentResolver\\RequestValueResolver',
  52 => 'Symfony\\Component\\HttpKernel\\Controller\\ArgumentResolver\\ServiceValueResolver',
  53 => 'Symfony\\Component\\HttpKernel\\Controller\\ArgumentResolver\\SessionValueResolver',
  54 => 'Symfony\\Component\\HttpKernel\\Controller\\ArgumentResolver\\TraceableValueResolver',
  55 => 'Symfony\\Component\\HttpKernel\\Controller\\ArgumentResolver\\VariadicValueResolver',
  56 => 'Symfony\\Component\\HttpKernel\\Controller\\ArgumentValueResolverInterface',
  57 => 'Symfony\\Component\\HttpKernel\\Controller\\ContainerControllerResolver',
  58 => 'Symfony\\Component\\HttpKernel\\Controller\\ControllerReference',
  59 => 'Symfony\\Component\\HttpKernel\\Controller\\ControllerResolver',
  60 => 'Symfony\\Component\\HttpKernel\\Controller\\ControllerResolverInterface',
  61 => 'Symfony\\Component\\HttpKernel\\Controller\\ErrorController',
  62 => 'Symfony\\Component\\HttpKernel\\Controller\\TraceableArgumentResolver',
  63 => 'Symfony\\Component\\HttpKernel\\Controller\\TraceableControllerResolver',
  64 => 'Symfony\\Component\\Security\\Http\\Controller\\UserValueResolver',
);